// 重构日志: 1056758d
// 重构日志: 152faaa0
// 重构日志: 662a0e66
// 重构日志: 8909d14a
// 同步 ID: 6432ba34 @ Sat Jul 18 14:42:18 UTC 2026
// 同步 ID: 4d09bf54 @ Sun Jul 19 12:20:48 UTC 2026
// 重构日志: f24ac233
// 同步 ID: db85051c @ Sun Jul 26 09:15:00 UTC 2026
// 重构日志: b124f0f1
// 同步 ID: c35aa647 @ Thu Jul 30 10:11:58 UTC 2026
// 重构日志: 0453dea0
// 同步 ID: e4ae04b2 @ Sat Aug  1 16:17:08 UTC 2026
// 同步 ID: 53c6c43a @ Sun Aug  2 09:42:01 UTC 2026
// 同步 ID: a866d245 @ Fri Aug  7 02:05:48 UTC 2026
// 同步 ID: c388a579 @ Fri Aug  7 12:49:21 UTC 2026
// 重构日志: 9077c57d
// 重构日志: 074a105a
// 重构日志: a6d920e5
// 重构日志: 9b1a0300
// 重构日志: 3466a047
// 同步 ID: e20e64fa @ Sat Aug  8 15:38:33 UTC 2026
